EN lcd NULL C:/TEMP/comp-dig-master/PROJETO_1413150/LCD.vhd sub00/vhpl08 1561549904
AR lcd behavioral C:/TEMP/comp-dig-master/PROJETO_1413150/LCD.vhd sub00/vhpl09 1561549905
AR projeto behavioral C:/TEMP/comp-dig-master/PROJETO_1413150/Projeto.vhd sub00/vhpl07 1561549907
EN cpu NULL C:/TEMP/comp-dig-master/PROJETO_1413150/CPU.vhd sub00/vhpl02 1561549900
AR cpu behavioral C:/TEMP/comp-dig-master/PROJETO_1413150/CPU.vhd sub00/vhpl03 1561549901
AR ram behavioral C:/TEMP/comp-dig-master/PROJETO_1413150/RAM.vhd sub00/vhpl05 1561549903
AR alu behavioral C:/TEMP/comp-dig-master/PROJETO_1413150/ALU.vhd sub00/vhpl01 1561549899
EN ram NULL C:/TEMP/comp-dig-master/PROJETO_1413150/RAM.vhd sub00/vhpl04 1561549902
EN alu NULL C:/TEMP/comp-dig-master/PROJETO_1413150/ALU.vhd sub00/vhpl00 1561549898
EN projeto NULL C:/TEMP/comp-dig-master/PROJETO_1413150/Projeto.vhd sub00/vhpl06 1561549906
